[pixner.net/jugaro/jugaro/index5.html]
[backblue.gif]
[fade.gif]
[index.html]
[pixner.net/jugaro/jugaro/assets/images/favicon.png]
[pixner.net/jugaro/jugaro/assets/css/bootstrap.min.css]
[pixner.net/jugaro/jugaro/assets/css/plugin.css]
[pixner.net/jugaro/jugaro/assets/css/style.css]
[pixner.net/jugaro/jugaro/assets/css/responsive.css]
[pixner.net/jugaro/jugaro/index.html]
[pixner.net/jugaro/jugaro/assets/images/logo2.png]
[pixner.net/jugaro/jugaro/index2.html]
[pixner.net/jugaro/jugaro/index3.html]
[pixner.net/jugaro/jugaro/index4.html]
[pixner.net/jugaro/jugaro/raffles.html]
[pixner.net/jugaro/jugaro/games.html]
[pixner.net/jugaro/jugaro/tournaments.html]
[pixner.net/jugaro/jugaro/about.html]
[pixner.net/jugaro/jugaro/bonuse-page.html]
[pixner.net/jugaro/jugaro/ticket-page.html]
[pixner.net/jugaro/jugaro/raffles-details.html]
[pixner.net/jugaro/jugaro/games_details.html]
[pixner.net/jugaro/jugaro/tournaments2.html]
[pixner.net/jugaro/jugaro/gamer-profile1.html]
[pixner.net/jugaro/jugaro/gamer-profile6.html]
[pixner.net/jugaro/jugaro/help1.html]
[pixner.net/jugaro/jugaro/404.html]
[pixner.net/jugaro/jugaro/contact.html]
[pixner.net/jugaro/jugaro/assets/images/home/h2-shape.png]
[pixner.net/jugaro/jugaro/assets/images/s-box.png]
[pixner.net/jugaro/jugaro/assets/images/l-winner/1.png]
[pixner.net/jugaro/jugaro/assets/images/l-winner/2.png]
[pixner.net/jugaro/jugaro/assets/images/l-winner/3.png]
[pixner.net/jugaro/jugaro/assets/images/game-play/left-img.png]
[pixner.net/jugaro/jugaro/assets/images/game-play/right-img.png]
[pixner.net/jugaro/jugaro/assets/images/game-play/1.png]
[pixner.net/jugaro/jugaro/assets/images/player/sm1.png]
[pixner.net/jugaro/jugaro/assets/images/player/sm2.png]
[pixner.net/jugaro/jugaro/assets/images/player/sm3.png]
[pixner.net/jugaro/jugaro/assets/images/player/sm4.png]
[pixner.net/jugaro/jugaro/assets/images/game-play/2.png]
[pixner.net/jugaro/jugaro/assets/images/game-play/3.png]
[pixner.net/jugaro/jugaro/assets/images/game-play/4.png]
[pixner.net/jugaro/jugaro/assets/images/arrow.png]
[pixner.net/jugaro/jugaro/assets/images/arcive/i2.png]
[pixner.net/jugaro/jugaro/assets/images/arcive/i3.png]
[pixner.net/jugaro/jugaro/assets/images/arcive/i4.png]
[pixner.net/jugaro/jugaro/assets/images/arcive/i5.png]
[pixner.net/jugaro/jugaro/assets/images/arcive/sa4.png]
[pixner.net/jugaro/jugaro/assets/images/arcive/m1.png]
[pixner.net/jugaro/jugaro/assets/images/arcive/mony.png]
[pixner.net/jugaro/jugaro/assets/images/arcive/sa5.png]
[pixner.net/jugaro/jugaro/assets/images/arcive/m2.png]
[pixner.net/jugaro/jugaro/assets/images/arcive/sa6.png]
[pixner.net/jugaro/jugaro/assets/images/arcive/m3.png]
[pixner.net/jugaro/jugaro/assets/images/arcive/sa7.png]
[pixner.net/jugaro/jugaro/assets/images/arcive/m4.png]
[pixner.net/jugaro/jugaro/assets/images/arcive/sa8.png]
[pixner.net/jugaro/jugaro/assets/images/arcive/m5.png]
[pixner.net/jugaro/jugaro/assets/images/arcive/sa9.png]
[pixner.net/jugaro/jugaro/assets/images/arcive/m6.png]
[pixner.net/jugaro/jugaro/assets/images/counter/i3.png]
[pixner.net/jugaro/jugaro/assets/images/counter/i2.png]
[pixner.net/jugaro/jugaro/assets/images/product/1.png]
[pixner.net/jugaro/jugaro/assets/images/product/2.png]
[pixner.net/jugaro/jugaro/assets/images/product/3.png]
[pixner.net/jugaro/jugaro/assets/images/r-winner/1.png]
[pixner.net/jugaro/jugaro/assets/images/r-winner/p1.png]
[pixner.net/jugaro/jugaro/assets/images/r-winner/2.png]
[pixner.net/jugaro/jugaro/assets/images/r-winner/p2.png]
[pixner.net/jugaro/jugaro/assets/images/r-winner/3.png]
[pixner.net/jugaro/jugaro/assets/images/r-winner/p3.png]
[pixner.net/jugaro/jugaro/assets/images/joinus_left_img.png]
[pixner.net/jugaro/jugaro/assets/images/joinus-bg2.png]
[pixner.net/jugaro/jugaro/assets/images/vr.png]
[pixner.net/jugaro/jugaro/assets/images/game controler_.png]
[pixner.net/jugaro/jugaro/assets/images/footer-ogo.png]
[pixner.net/jugaro/jugaro/assets/js/jquery.js]
[pixner.net/jugaro/jugaro/assets/js/popper.min.js]
[pixner.net/jugaro/jugaro/assets/js/bootstrap.min.js]
[pixner.net/jugaro/jugaro/assets/js/mousemoveparallax.js]
[pixner.net/jugaro/jugaro/index5.html]
[pixner.net/jugaro/jugaro/assets/images/favicon.html]
[pixner.net/jugaro/jugaro/assets/css/bootstrap.min.css]
[pixner.net/jugaro/jugaro/assets/js/main.js]
[pixner.net/jugaro/jugaro/assets/js/plugin.js]
[pixner.net/jugaro/jugaro/assets/fonts/icofont.woff2]
[pixner.net/jugaro/jugaro/assets/fonts/icofont.woff]
[pixner.net/jugaro/jugaro/assets/js/TweenMax.js]
[pixner.net/jugaro/jugaro/assets/fonts/fa-brands-400.woff2]
[pixner.net/jugaro/jugaro/assets/fonts/fa-brands-400.eot]
[pixner.net/jugaro/jugaro/assets/fonts/fa-brands-400.woff]
[pixner.net/jugaro/jugaro/assets/fonts/fa-brands-400d41d.eot]
[pixner.net/jugaro/jugaro/assets/fonts/fa-brands-400.ttf]
[pixner.net/jugaro/jugaro/assets/fonts/fa-regular-400.woff2]
[pixner.net/jugaro/jugaro/assets/fonts/fa-regular-400.eot]
[pixner.net/jugaro/jugaro/assets/fonts/fa-regular-400d41d.eot]
[pixner.net/jugaro/jugaro/assets/fonts/fa-regular-400.woff]
[pixner.net/jugaro/jugaro/assets/fonts/fa-regular-400.svg]
[pixner.net/jugaro/jugaro/assets/fonts/fa-regular-400.ttf]
[pixner.net/jugaro/jugaro/assets/fonts/fa-solid-900.woff2]
[pixner.net/jugaro/jugaro/assets/fonts/fa-solid-900.woff]
[pixner.net/jugaro/jugaro/assets/fonts/fa-solid-900.eot]
[pixner.net/jugaro/jugaro/assets/fonts/fa-solid-900.svg]
[pixner.net/jugaro/jugaro/assets/fonts/fa-solid-900d41d.eot]
[pixner.net/jugaro/jugaro/assets/css/ajax-loader.gif]
[pixner.net/jugaro/jugaro/assets/css/fonts/slick.71.delayed]
[pixner.net/jugaro/jugaro/assets/fonts/fa-solid-900.ttf]
[pixner.net/jugaro/jugaro/assets/css/fonts/slickd41d.eot]
[pixner.net/jugaro/jugaro/assets/css/fonts/slick.woff]
[pixner.net/jugaro/jugaro/assets/css/fonts/slick.ttf]
[pixner.net/jugaro/jugaro/assets/css/fonts/slick.svg]
[pixner.net/jugaro/jugaro/assets/css/owl.video.play.png]
[pixner.net/jugaro/jugaro/assets/css/plugin.css]
[pixner.net/jugaro/jugaro/assets/images/bc/about-bc.jpg]
[pixner.net/jugaro/jugaro/assets/images/bc/turnament.png]
[pixner.net/jugaro/jugaro/assets/images/bc/tournament2.jpg]
[pixner.net/jugaro/jugaro/assets/images/bc/games.png]
[pixner.net/jugaro/jugaro/assets/images/bc/raffles.jpg]
[pixner.net/jugaro/jugaro/assets/images/bc/user-profile.jpg]
[pixner.net/jugaro/jugaro/assets/images/bc/help.jpg]
[pixner.net/jugaro/jugaro/assets/images/bc/contact.png]
[pixner.net/jugaro/jugaro/assets/images/bc/bonus.jpg]
[pixner.net/jugaro/jugaro/assets/images/bc/reffer.jpg]
[pixner.net/jugaro/jugaro/assets/images/404.png]
[pixner.net/jugaro/jugaro/assets/images/newsletter.jpg]
[pixner.net/jugaro/jugaro/assets/images/footerbg.jpg]
[pixner.net/jugaro/jugaro/assets/images/home/h1.jpg]
[pixner.net/jugaro/jugaro/assets/images/video_btn.png]
[pixner.net/jugaro/jugaro/assets/images/home/h2.jpg]
[pixner.net/jugaro/jugaro/assets/images/home/h3.jpg]
[pixner.net/jugaro/jugaro/assets/images/home/h4.jpg]
[pixner.net/jugaro/jugaro/assets/images/home/h5.jpg]
[pixner.net/jugaro/jugaro/assets/images/counter-bg.jpg]
[pixner.net/jugaro/jugaro/assets/images/ex-lottery-bg.jpg]
[pixner.net/jugaro/jugaro/assets/images/latest-activitis.png]
[pixner.net/jugaro/jugaro/assets/images/joinus-bg.png]
[pixner.net/jugaro/jugaro/assets/images/game-play/section-bg.jpg]
[pixner.net/jugaro/jugaro/assets/images/herobg2.jpg]
[pixner.net/jugaro/jugaro/assets/images/team-section-bg.jpg]
[pixner.net/jugaro/jugaro/assets/images/joinus-bg3.png]
[pixner.net/jugaro/jugaro/assets/images/game-play-bg-2.jpg]
[pixner.net/jugaro/jugaro/assets/images/games-details-bg.jpg]
[pixner.net/jugaro/jugaro/assets/images/modal-shadow.png]
[pixner.net/jugaro/jugaro/assets/images/play/playgame-bg.jpg]
[pixner.net/jugaro/jugaro/assets/images/draw-time-bg.jpg]
[pixner.net/jugaro/jugaro/assets/images/lottery-video.png]
[pixner.net/jugaro/jugaro/assets/images/t2-t-bg.jpg]
[pixner.net/jugaro/jugaro/assets/images/bg-s3.png]
[pixner.net/jugaro/jugaro/assets/images/how-play.jpg]
[pixner.net/jugaro/jugaro/assets/images/contact-bg.png]
[pixner.net/jugaro/jugaro/assets/images/help-aside.jpg]
[pixner.net/jugaro/jugaro/assets/css/style.css]
[pixner.net/jugaro/jugaro/assets/css/responsive.css]
[pixner.net/jugaro/jugaro/assets/images/logo.png]
[pixner.net/jugaro/jugaro/assets/images/text.png]
[pixner.net/jugaro/jugaro/assets/images/counter/1.png]
[pixner.net/jugaro/jugaro/assets/images/counter/2.png]
[pixner.net/jugaro/jugaro/assets/images/counter/3.png]
[pixner.net/jugaro/jugaro/assets/images/arcive/i1.png]
[pixner.net/jugaro/jugaro/assets/images/arcive/sa1.png]
[pixner.net/jugaro/jugaro/assets/images/arcive/sa2.png]
[pixner.net/jugaro/jugaro/assets/images/arcive/sa3.png]
[pixner.net/jugaro/jugaro/assets/images/h-play/left-img.png]
[pixner.net/jugaro/jugaro/assets/images/h-play/right-img.png]
[pixner.net/jugaro/jugaro/assets/images/h-play/ic1.png]
[pixner.net/jugaro/jugaro/assets/images/h-play/ic2.png]
[pixner.net/jugaro/jugaro/assets/images/h-play/ic3.png]
[pixner.net/jugaro/jugaro/index.html]
[pixner.net/jugaro/jugaro/index2.html]
[pixner.net/jugaro/jugaro/index3.html]
[pixner.net/jugaro/jugaro/index4.html]
[pixner.net/jugaro/jugaro/assets/images/product/4.png]
[pixner.net/jugaro/jugaro/assets/images/product/5.png]
[pixner.net/jugaro/jugaro/assets/images/product/6.png]
[pixner.net/jugaro/jugaro/assets/images/product/7.png]
[pixner.net/jugaro/jugaro/assets/images/advertisement.png]
[pixner.net/jugaro/jugaro/raffles.html]
[pixner.net/jugaro/jugaro/assets/images/contest/top-icon_.png]
[pixner.net/jugaro/jugaro/assets/images/game-play/5.png]
[pixner.net/jugaro/jugaro/assets/images/game-play/6.png]
[pixner.net/jugaro/jugaro/assets/images/game-play/7.png]
[pixner.net/jugaro/jugaro/assets/images/game-play/8.png]
[pixner.net/jugaro/jugaro/assets/images/contest/trophy.png]
[pixner.net/jugaro/jugaro/assets/images/contest/icon.png]
[pixner.net/jugaro/jugaro/assets/images/contest/crown.png]
[pixner.net/jugaro/jugaro/assets/images/contest/p1.png]
[pixner.net/jugaro/jugaro/assets/images/cs-image.png]
[pixner.net/jugaro/jugaro/games.html]
[pixner.net/jugaro/jugaro/assets/images/l-winner/4.png]
[pixner.net/jugaro/jugaro/assets/images/l-winner/5.png]
[pixner.net/jugaro/jugaro/assets/images/l-winner/6.png]
[pixner.net/jugaro/jugaro/assets/images/l-winner/7.png]
[pixner.net/jugaro/jugaro/assets/images/l-winner/8.png]
[pixner.net/jugaro/jugaro/assets/images/l-winner/9.png]
[pixner.net/jugaro/jugaro/assets/images/bg-time.png]
[pixner.net/jugaro/jugaro/tournaments.html]
[pixner.net/jugaro/jugaro/assets/images/about/right-image.png]
[pixner.net/jugaro/jugaro/assets/images/about/s1.png]
[pixner.net/jugaro/jugaro/assets/images/about/s2.png]
[pixner.net/jugaro/jugaro/assets/images/about/i2.png]
[pixner.net/jugaro/jugaro/assets/images/feature/s1.png]
[pixner.net/jugaro/jugaro/assets/images/feature/s2.png]
[pixner.net/jugaro/jugaro/assets/images/feature/circle.png]
[pixner.net/jugaro/jugaro/assets/images/feature/icon1.png]
[pixner.net/jugaro/jugaro/assets/images/feature/icon2.png]
[pixner.net/jugaro/jugaro/assets/images/feature/icon3.png]
[pixner.net/jugaro/jugaro/assets/images/feature/icon4.png]
[pixner.net/jugaro/jugaro/assets/images/team/bg.png]
[pixner.net/jugaro/jugaro/assets/images/team/team1.png]
[pixner.net/jugaro/jugaro/assets/images/team/team2.png]
[pixner.net/jugaro/jugaro/assets/images/team/team3.png]
[pixner.net/jugaro/jugaro/assets/images/joinus_left_img2.png]
[pixner.net/jugaro/jugaro/about.html]
[pixner.net/jugaro/jugaro/assets/images/bonus/b1.png]
[pixner.net/jugaro/jugaro/assets/images/bonus/b2.png]
[pixner.net/jugaro/jugaro/assets/images/bonus/b3.png]
[pixner.net/jugaro/jugaro/assets/images/bonus/b4.png]
[pixner.net/jugaro/jugaro/assets/images/bonus/b5.png]
[pixner.net/jugaro/jugaro/assets/images/bonus/b6.png]
[pixner.net/jugaro/jugaro/assets/images/bonus/b7.png]
[pixner.net/jugaro/jugaro/assets/images/bonus/b8.png]
[pixner.net/jugaro/jugaro/assets/images/bonus/h1.png]
[pixner.net/jugaro/jugaro/assets/images/bonus/h2.png]
[pixner.net/jugaro/jugaro/assets/images/bonus/h3.png]
[pixner.net/jugaro/jugaro/bonuse-page.html]
[pixner.net/jugaro/jugaro/assets/js/xzoom-active.js]
[pixner.net/jugaro/jugaro/assets/js/xzoom.js]
[pixner.net/jugaro/jugaro/assets/images/card1.png]
[pixner.net/jugaro/jugaro/assets/images/card2.png]
[pixner.net/jugaro/jugaro/assets/images/card3.png]
[pixner.net/jugaro/jugaro/assets/images/card4.png]
[pixner.net/jugaro/jugaro/ticket-page.html]
[pixner.net/jugaro/jugaro/assets/images/lottery/d1.jpg]
[pixner.net/jugaro/jugaro/assets/images/lottery/d2.jpg]
[pixner.net/jugaro/jugaro/assets/images/lottery/d3.jpg]
[pixner.net/jugaro/jugaro/assets/images/lottery/d4.jpg]
[pixner.net/jugaro/jugaro/raffles-details.html]
[pixner.net/jugaro/jugaro/assets/images/btc.png]
[pixner.net/jugaro/jugaro/assets/images/awards/a1.png]
[pixner.net/jugaro/jugaro/assets/images/awards/p1.png]
[pixner.net/jugaro/jugaro/assets/images/awards/a2.png]
[pixner.net/jugaro/jugaro/assets/images/awards/p2.png]
[pixner.net/jugaro/jugaro/assets/images/awards/a3.png]
[pixner.net/jugaro/jugaro/assets/images/awards/p3.png]
[pixner.net/jugaro/jugaro/assets/images/awards/p4.png]
[pixner.net/jugaro/jugaro/assets/images/awards/p5.png]
[pixner.net/jugaro/jugaro/assets/images/awards/p6.png]
[pixner.net/jugaro/jugaro/assets/images/gi.png]
[pixner.net/jugaro/jugaro/games_details.html]
[pixner.net/jugaro/jugaro/assets/images/prize/1.png]
[pixner.net/jugaro/jugaro/assets/images/prize/2.png]
[pixner.net/jugaro/jugaro/assets/images/prize/3.png]
[pixner.net/jugaro/jugaro/tournaments2.html]
[pixner.net/jugaro/jugaro/assets/images/gamer/gamer.png]
[pixner.net/jugaro/jugaro/assets/images/gamer/badge.png]
[pixner.net/jugaro/jugaro/assets/images/gamer/c1.png]
[pixner.net/jugaro/jugaro/assets/images/gamer/c2.png]
[pixner.net/jugaro/jugaro/assets/images/gamer/c3.png]
[pixner.net/jugaro/jugaro/assets/images/gamer/envelop.png]
[pixner.net/jugaro/jugaro/gamer-profile2.html]
[pixner.net/jugaro/jugaro/gamer-profile3.html]
[pixner.net/jugaro/jugaro/gamer-profile4.html]
[pixner.net/jugaro/jugaro/gamer-profile5.html]
[pixner.net/jugaro/jugaro/assets/images/gamer/lavel.png]
[pixner.net/jugaro/jugaro/assets/images/gamer/a1.png]
[pixner.net/jugaro/jugaro/assets/images/gamer/a2.png]
[pixner.net/jugaro/jugaro/assets/images/gamer/a3.png]
[pixner.net/jugaro/jugaro/assets/images/gamer/a4.png]
[pixner.net/jugaro/jugaro/assets/images/gamer/a5.png]
[pixner.net/jugaro/jugaro/assets/images/gamer/a6.png]
[pixner.net/jugaro/jugaro/assets/images/gamer/g1.png]
[pixner.net/jugaro/jugaro/assets/images/gamer/g2.png]
[pixner.net/jugaro/jugaro/assets/images/gamer/g3.png]
[pixner.net/jugaro/jugaro/assets/images/gamer/g4.png]
[pixner.net/jugaro/jugaro/assets/images/gamer/g5.png]
[pixner.net/jugaro/jugaro/assets/images/gamer/g6.png]
[pixner.net/jugaro/jugaro/gamer-profile1.html]
[pixner.net/jugaro/jugaro/assets/images/crypto/i1.png]
[pixner.net/jugaro/jugaro/assets/images/crypto/i2.png]
[pixner.net/jugaro/jugaro/assets/images/crypto/i3.png]
[pixner.net/jugaro/jugaro/assets/images/crypto/i4.png]
[pixner.net/jugaro/jugaro/assets/images/crypto/i5.png]
[pixner.net/jugaro/jugaro/assets/images/crypto/i6.png]
[pixner.net/jugaro/jugaro/assets/images/crypto/i7.png]
[pixner.net/jugaro/jugaro/assets/images/crypto/i8.png]
[pixner.net/jugaro/jugaro/assets/images/menu-user.png]
[pixner.net/jugaro/jugaro/gamer-profile7.html]
[pixner.net/jugaro/jugaro/gamer-profile8.html]
[pixner.net/jugaro/jugaro/assets/images/user/a1.png]
[pixner.net/jugaro/jugaro/assets/images/user/a2.png]
[pixner.net/jugaro/jugaro/gamer-profile6.html]
[pixner.net/cdn-cgi/scripts/5c5dd728/cloudflare-static/email-decode.min.js]
[pixner.net/jugaro/jugaro/help2.html]
[pixner.net/jugaro/jugaro/help3.html]
[pixner.net/jugaro/jugaro/help4.html]
[pixner.net/jugaro/jugaro/help5.html]
[pixner.net/jugaro/jugaro/help6.html]
[pixner.net/jugaro/jugaro/help7.html]
[pixner.net/jugaro/jugaro/help1.html]
[pixner.net/jugaro/jugaro/404.html]
[pixner.net/jugaro/jugaro/contact.html]
[pixner.net/jugaro/jugaro/help8.html]
[pixner.net/jugaro/jugaro/assets/images/counter/i1.png]
[pixner.net/jugaro/jugaro/assets/fonts/fa-regular-400.svg]
[pixner.net/jugaro/jugaro/assets/fonts/fa-solid-900.svg]
[pixner.net/jugaro/jugaro/assets/css/fonts/slick.html]
[pixner.net/jugaro/jugaro/assets/css/fonts/slickd41d.html]
[pixner.net/jugaro/jugaro/assets/css/fonts/slick-2.html]
[pixner.net/jugaro/jugaro/assets/css/fonts/slick-3.html]
[pixner.net/jugaro/jugaro/assets/css/fonts/slick-4.html]
[pixner.net/jugaro/jugaro/assets/css/owl.video.play.html]
[pixner.net/jugaro/jugaro/assets/images/bc/games2.png]
[pixner.net/jugaro/jugaro/assets/images/featurebg.png]
[pixner.net/jugaro/jugaro/assets/images/cs-bg.png]
[pixner.net/jugaro/jugaro/assets/images/commissionbg.jpg]
[pixner.net/jugaro/jugaro/assets/images/h-play/left-img.html]
[pixner.net/jugaro/jugaro/assets/images/h-play/right-img.html]
[pixner.net/jugaro/jugaro/assets/images/contest/winner.png]
[pixner.net/jugaro/jugaro/assets/images/about/i1.png]
[pixner.net/jugaro/jugaro/assets/css/xzoom.css]
[pixner.net/jugaro/jugaro/assets/images/trophy.png]
[pixner.net/jugaro/jugaro/assets/images/gamer/f1.png]
[pixner.net/jugaro/jugaro/assets/images/gamer/badge2.png]
[pixner.net/jugaro/jugaro/assets/images/gamer/f2.png]
[pixner.net/jugaro/jugaro/assets/images/gamer/f3.png]
[pixner.net/jugaro/jugaro/assets/images/gamer/f4.png]
[pixner.net/jugaro/jugaro/assets/images/gamer/f5.png]
[pixner.net/jugaro/jugaro/assets/images/gamer/f6.png]
[pixner.net/jugaro/jugaro/assets/images/gamer/f7.png]
[pixner.net/jugaro/jugaro/assets/images/gamer/f8.png]
[pixner.net/jugaro/jugaro/gamer-profile2.html]
[pixner.net/jugaro/jugaro/assets/css/chart/c2.css]
[pixner.net/jugaro/jugaro/assets/images/g1.png]
[pixner.net/jugaro/jugaro/assets/images/g2.png]
[pixner.net/jugaro/jugaro/assets/images/g3.png]
[pixner.net/jugaro/jugaro/gamer-profile3.html]
[pixner.net/jugaro/jugaro/gamer-profile4.html]
[pixner.net/jugaro/jugaro/gamer-profile5.html]
[pixner.net/jugaro/jugaro/assets/js/chart/chart-active1.js]
[pixner.net/jugaro/jugaro/assets/images/chanel-logo.png]
[pixner.net/jugaro/jugaro/gamer-profile7.html]
[pixner.net/jugaro/jugaro/gamer-profile8.html]
[pixner.net/jugaro/jugaro/help2.html]
[pixner.net/jugaro/jugaro/help3.html]
[pixner.net/jugaro/jugaro/help4.html]
[pixner.net/jugaro/jugaro/help5.html]
[pixner.net/jugaro/jugaro/help6.html]
[pixner.net/jugaro/jugaro/help7.html]
[pixner.net/jugaro/jugaro/help8.html]
[pixner.net/jugaro/jugaro/assets/js/chart/chart.js]
[pixner.net/jugaro/jugaro/assets/css/xzoom.css]
[pixner.net/jugaro/jugaro/assets/css/chart/c2.css]
[s3-us-west-2.amazonaws.com/s.cdpn.io/1940306/chat_avatar_01.jpg]
[s3-us-west-2.amazonaws.com/s.cdpn.io/1940306/chat_avatar_02.jpg]
[s3-us-west-2.amazonaws.com/s.cdpn.io/1940306/chat_avatar_03.jpg]
[s3-us-west-2.amazonaws.com/s.cdpn.io/1940306/chat_avatar_04.jpg]
[s3-us-west-2.amazonaws.com/s.cdpn.io/1940306/chat_avatar_05.jpg]
[s3-us-west-2.amazonaws.com/s.cdpn.io/1940306/chat_avatar_06.jpg]
[s3-us-west-2.amazonaws.com/s.cdpn.io/1940306/chat_avatar_07.jpg]
[s3-us-west-2.amazonaws.com/s.cdpn.io/1940306/chat_avatar_08.jpg]
[s3-us-west-2.amazonaws.com/s.cdpn.io/1940306/chat_avatar_09.jpg]
[s3-us-west-2.amazonaws.com/s.cdpn.io/1940306/chat_avatar_10.jpg]
[s3-us-west-2.amazonaws.com/s.cdpn.io/1940306/ico_picture.png]
[s3-us-west-2.amazonaws.com/s.cdpn.io/1940306/ico_file.png]
[pixner.net/jugaro/jugaro/assets/images/n1.png]
[pixner.net/jugaro/jugaro/assets/fonts/fa-brands-400.svg]
[s3-us-west-2.amazonaws.com/s.cdpn.io/1940306/ico_search.png]
[pixner.net/jugaro/jugaro/assets/images/xloading.gif]
